[noyon.me/html/garden-preview/index.html]
[backblue.gif]
[fade.gif]
[index.html]
[noyon.me/html/garden-preview/site.webmanifest]
[noyon.me/html/garden-preview/icon.png]
[noyon.me/html/garden-preview/assets/css/bootstrap.min.css]
[noyon.me/html/garden-preview/assets/css/font-awesome.min.css]
[noyon.me/html/garden-preview/assets/css/themify-icons.css]
[noyon.me/html/garden-preview/assets/css/elegant.css]
[noyon.me/html/garden-preview/assets/css/meanmenu.min.css]
[noyon.me/html/garden-preview/assets/css/animate.css]
[noyon.me/html/garden-preview/assets/css/venobox.css]
[noyon.me/html/garden-preview/assets/css/jquery-ui.min.css]
[noyon.me/html/garden-preview/assets/css/slick.css]
[noyon.me/html/garden-preview/assets/css/slick-theme.css]
[noyon.me/html/garden-preview/assets/css/helper.css]
[noyon.me/html/garden-preview/style.css]
[noyon.me/html/garden-preview/assets/css/responsive.css]
[noyon.me/html/garden-preview/assets/images/logo.png]
[noyon.me/html/garden-preview/index-2.html]
[noyon.me/html/garden-preview/index-3.html]
[noyon.me/html/garden-preview/index-4.html]
[noyon.me/html/garden-preview/index-5.html]
[noyon.me/html/garden-preview/about.html]
[noyon.me/html/garden-preview/coming-soon.html]
[noyon.me/html/garden-preview/404.html]
[noyon.me/html/garden-preview/service-1.html]
[noyon.me/html/garden-preview/service-2.html]
[noyon.me/html/garden-preview/service-3.html]
[noyon.me/html/garden-preview/gallery.html]
[noyon.me/html/garden-preview/gallery-details.html]
[noyon.me/html/garden-preview/blog-1.html]
[noyon.me/html/garden-preview/blog-2.html]
[noyon.me/html/garden-preview/blog-3.html]
[noyon.me/html/garden-preview/blog-4.html]
[noyon.me/html/garden-preview/blog-details.html]
[noyon.me/html/garden-preview/shop.html]
[noyon.me/html/garden-preview/shop-full-width.html]
[noyon.me/html/garden-preview/shop-filter.html]
[noyon.me/html/garden-preview/product-details.html]
[noyon.me/html/garden-preview/shopping-cart.html]
[noyon.me/html/garden-preview/checkout.html]
[noyon.me/html/garden-preview/order-complete.html]
[noyon.me/html/garden-preview/assets/images/ad/3.jpg]
[noyon.me/html/garden-preview/contact.html]
[noyon.me/html/garden-preview/assets/images/cart/1.jpg]
[noyon.me/html/garden-preview/assets/images/cart/2.jpg]
[noyon.me/html/garden-preview/assets/images/cart/3.jpg]
[noyon.me/html/garden-preview/assets/images/promo/1.jpg]
[noyon.me/html/garden-preview/assets/images/promo/2.jpg]
[noyon.me/html/garden-preview/assets/images/promo/3.jpg]
[noyon.me/html/garden-preview/assets/images/projects/1.jpg]
[noyon.me/html/garden-preview/assets/images/projects/2.jpg]
[noyon.me/html/garden-preview/assets/images/projects/3.jpg]
[noyon.me/html/garden-preview/assets/images/projects/4.jpg]
[noyon.me/html/garden-preview/assets/images/blog/1.jpg]
[noyon.me/html/garden-preview/assets/images/blog/2.jpg]
[noyon.me/html/garden-preview/assets/images/blog/3.jpg]
[noyon.me/html/garden-preview/assets/images/instagram/1.jpg]
[noyon.me/html/garden-preview/assets/images/instagram/2.jpg]
[noyon.me/html/garden-preview/assets/images/instagram/3.jpg]
[noyon.me/html/garden-preview/assets/images/instagram/4.jpg]
[noyon.me/html/garden-preview/assets/images/instagram/5.jpg]
[noyon.me/html/garden-preview/assets/images/instagram/6.jpg]
[noyon.me/html/garden-preview/assets/js/vendor/modernizr-3.6.0.min.js]
[noyon.me/html/garden-preview/assets/js/vendor/jquery-1.12.0.min.js]
[noyon.me/html/garden-preview/assets/js/bootstrap.min.js]
[noyon.me/html/garden-preview/assets/js/jquery.meanmenu.min.js]
[noyon.me/html/garden-preview/assets/js/jquery.easing.min.js]
[noyon.me/html/garden-preview/assets/js/venobox.min.js]
[noyon.me/html/garden-preview/assets/js/slick.min.js]
[noyon.me/html/garden-preview/assets/js/waypoints.js]
[noyon.me/html/garden-preview/assets/js/jquery.counterup.min.js]
[noyon.me/html/garden-preview/assets/js/isotope.pkgd.min.js]
[noyon.me/html/garden-preview/assets/js/jquery-ui.min.js]
[noyon.me/html/garden-preview/assets/js/jquery.countdown.min.js]
[noyon.me/html/garden-preview/assets/js/plugins.js]
[noyon.me/html/garden-preview/index.html]
[noyon.me/html/garden-preview/site.html]
[noyon.me/html/garden-preview/icon.html]
[noyon.me/html/garden-preview/assets/css/bootstrap.min.css]
[noyon.me/html/garden-preview/assets/js/main.js]
[noyon.me/html/garden-preview/assets/fonts/fontawesome-webfont3e6e.eot]
[noyon.me/html/garden-preview/assets/fonts/fontawesome-webfontd41d.eot]
[noyon.me/html/garden-preview/assets/fonts/fontawesome-webfont3e6e.woff2]
[noyon.me/html/garden-preview/assets/fonts/fontawesome-webfont3e6e.woff]
[noyon.me/html/garden-preview/assets/fonts/fontawesome-webfont3e6e.ttf]
[noyon.me/html/garden-preview/assets/css/font-awesome.min.css]
[noyon.me/html/garden-preview/assets/fonts/fontawesome-webfont3e6e.svg]
[noyon.me/html/garden-preview/assets/fonts/themify9f24.eot]
[noyon.me/html/garden-preview/assets/fonts/themifyd41d.eot]
[noyon.me/html/garden-preview/assets/fonts/themify9f24.woff]
[noyon.me/html/garden-preview/assets/fonts/themify9f24.ttf]
[noyon.me/html/garden-preview/assets/css/themify-icons.css]
[noyon.me/html/garden-preview/assets/fonts/themify9f24.svg]
[noyon.me/html/garden-preview/assets/fonts/ElegantIcons.eot]
[noyon.me/html/garden-preview/assets/fonts/ElegantIconsd41d.eot]
[noyon.me/html/garden-preview/assets/fonts/ElegantIcons.woff]
[noyon.me/html/garden-preview/assets/fonts/ElegantIcons.ttf]
[noyon.me/html/garden-preview/assets/css/elegant.css]
[noyon.me/html/garden-preview/assets/css/meanmenu.min.css]
[noyon.me/html/garden-preview/assets/css/animate.css]
[noyon.me/html/garden-preview/assets/css/venobox.css]
[noyon.me/html/garden-preview/assets/fonts/ElegantIcons.svg]
[noyon.me/html/garden-preview/assets/css/images/ui-bg_inset-hard_100_fcfdfd_1x100.png]
[noyon.me/html/garden-preview/assets/css/images/ui-bg_gloss-wave_55_5c9ccc_500x100.png]
[noyon.me/html/garden-preview/assets/css/images/ui-bg_glass_85_dfeffc_1x400.png]
[noyon.me/html/garden-preview/assets/css/images/ui-bg_glass_75_d0e5f5_1x400.png]
[noyon.me/html/garden-preview/assets/css/images/ui-bg_inset-hard_100_f5f8f9_1x100.png]
[noyon.me/html/garden-preview/assets/css/images/ui-bg_glass_95_fef1ec_1x400.png]
[noyon.me/html/garden-preview/assets/css/images/ui-icons_469bdd_256x240.png]
[noyon.me/html/garden-preview/assets/css/images/ui-icons_d8e7f3_256x240.png]
[noyon.me/html/garden-preview/assets/css/images/ui-icons_6da8d5_256x240.png]
[noyon.me/html/garden-preview/assets/css/images/ui-icons_217bc0_256x240.png]
[noyon.me/html/garden-preview/assets/css/images/ui-icons_f9bd01_256x240.png]
[noyon.me/html/garden-preview/assets/css/images/ui-icons_2e83ff_256x240.png]
[noyon.me/html/garden-preview/assets/css/images/ui-icons_cd0a0a_256x240.png]
[noyon.me/html/garden-preview/assets/css/jquery-ui.min.css]
[noyon.me/html/garden-preview/assets/css/slick.css]
[noyon.me/html/garden-preview/assets/images/ajax-loader.gif]
[noyon.me/html/garden-preview/assets/fonts/slick.eot]
[noyon.me/html/garden-preview/assets/fonts/slickd41d.eot]
[noyon.me/html/garden-preview/assets/fonts/slick.woff]
[noyon.me/html/garden-preview/assets/fonts/slick.ttf]
[noyon.me/html/garden-preview/assets/css/slick-theme.css]
[noyon.me/html/garden-preview/assets/css/helper.css]
[noyon.me/html/garden-preview/assets/fonts/slick.svg]
[noyon.me/html/garden-preview/assets/images/banners/1.jpg]
[noyon.me/html/garden-preview/assets/images/banners/2.jpg]
[noyon.me/html/garden-preview/assets/images/banners/3.jpg]
[noyon.me/html/garden-preview/assets/images/banners/6.jpg]
[noyon.me/html/garden-preview/assets/images/banners/page-banner-4.jpg]
[noyon.me/html/garden-preview/assets/images/banners/page-banner-1.jpg]
[noyon.me/html/garden-preview/assets/images/banners/page-banner-2.jpg]
[noyon.me/html/garden-preview/assets/images/banners/page-banner-3.jpg]
[noyon.me/html/garden-preview/assets/images/banners/page-banner-6.jpg]
[noyon.me/html/garden-preview/assets/images/banners/page-banner-5.jpg]
[noyon.me/html/garden-preview/assets/images/banners/page-banner-8.jpg]
[noyon.me/html/garden-preview/assets/images/banners/page-banner-7.jpg]
[noyon.me/html/garden-preview/assets/images/banners/4.jpg]
[noyon.me/html/garden-preview/assets/images/banners/5.jpg]
[noyon.me/html/garden-preview/assets/images/bg/contact-bg.jpg]
[noyon.me/html/garden-preview/assets/images/bg/contact-2.jpg]
[noyon.me/html/garden-preview/assets/images/bg/cta.jpg]
[noyon.me/html/garden-preview/assets/images/bg/testimonial.jpg]
[noyon.me/html/garden-preview/assets/images/bg/testimonial-2.jpg]
[noyon.me/html/garden-preview/assets/images/bg/testimonial-3.jpg]
[noyon.me/html/garden-preview/assets/images/ad/1.jpg]
[noyon.me/html/garden-preview/assets/images/ad/2.jpg]
[noyon.me/html/garden-preview/assets/images/bg/counterup.jpg]
[noyon.me/html/garden-preview/assets/images/bg/subscribe.jpg]
[noyon.me/html/garden-preview/assets/images/bg/subscribe-2.jpg]
[noyon.me/html/garden-preview/assets/images/404.jpg]
[noyon.me/html/garden-preview/assets/images/bg/coming-soon.jpg]
[noyon.me/html/garden-preview/style.css]
[noyon.me/html/garden-preview/assets/css/responsive.css]
[noyon.me/html/garden-preview/assets/images/product-category/1.jpg]
[noyon.me/html/garden-preview/assets/images/product-category/2.jpg]
[noyon.me/html/garden-preview/assets/images/product-category/3.jpg]
[noyon.me/html/garden-preview/assets/images/products/1.jpg]
[noyon.me/html/garden-preview/assets/images/products/2.jpg]
[noyon.me/html/garden-preview/assets/images/products/3.jpg]
[noyon.me/html/garden-preview/assets/images/products/4.jpg]
[noyon.me/html/garden-preview/assets/images/products/5.jpg]
[noyon.me/html/garden-preview/assets/images/products/6.jpg]
[noyon.me/html/garden-preview/assets/images/blog/4.jpg]
[noyon.me/html/garden-preview/assets/images/blog/5.jpg]
[noyon.me/html/garden-preview/assets/images/blog/6.jpg]
[noyon.me/html/garden-preview/index-2.html]
[noyon.me/html/garden-preview/assets/images/projects/masonry/1.jpg]
[noyon.me/html/garden-preview/assets/images/projects/masonry/2.jpg]
[noyon.me/html/garden-preview/assets/images/projects/masonry/3.jpg]
[noyon.me/html/garden-preview/assets/images/projects/masonry/4.jpg]
[noyon.me/html/garden-preview/assets/images/projects/masonry/5.jpg]
[noyon.me/html/garden-preview/assets/images/projects/masonry/6.jpg]
[noyon.me/html/garden-preview/assets/images/projects/masonry/7.jpg]
[noyon.me/html/garden-preview/assets/images/projects/masonry/8.jpg]
[noyon.me/html/garden-preview/assets/images/projects/masonry/9.jpg]
[noyon.me/html/garden-preview/assets/images/projects/masonry/10.jpg]
[noyon.me/html/garden-preview/assets/images/blog/7.jpg]
[noyon.me/html/garden-preview/assets/images/blog/8.jpg]
[noyon.me/html/garden-preview/assets/images/blog/9.jpg]
[noyon.me/html/garden-preview/assets/images/brands/1.png]
[noyon.me/html/garden-preview/assets/images/brands/1-hover.png]
[noyon.me/html/garden-preview/assets/images/brands/2.png]
[noyon.me/html/garden-preview/assets/images/brands/2-hover.png]
[noyon.me/html/garden-preview/assets/images/brands/3.png]
[noyon.me/html/garden-preview/assets/images/brands/3-hover.png]
[noyon.me/html/garden-preview/assets/images/brands/4.png]
[noyon.me/html/garden-preview/assets/images/brands/4-hover.png]
[noyon.me/html/garden-preview/assets/images/brands/5.png]
[noyon.me/html/garden-preview/assets/images/brands/5-hover.png]
[noyon.me/html/garden-preview/assets/images/brands/6.png]
[noyon.me/html/garden-preview/assets/images/brands/6-hover.png]
[noyon.me/html/garden-preview/assets/images/brands/7.png]
[noyon.me/html/garden-preview/assets/images/brands/7-hover.png]
[noyon.me/html/garden-preview/assets/images/brands/8.png]
[noyon.me/html/garden-preview/assets/images/brands/8-hover.png]
[noyon.me/html/garden-preview/index-3.html]
[noyon.me/html/garden-preview/assets/images/products/7.jpg]
[noyon.me/html/garden-preview/assets/images/blog/10.jpg]
[noyon.me/html/garden-preview/assets/images/blog/11.jpg]
[noyon.me/html/garden-preview/assets/images/products/8.jpg]
[noyon.me/html/garden-preview/assets/images/products/9.jpg]
[noyon.me/html/garden-preview/assets/images/products/10.jpg]
[noyon.me/html/garden-preview/assets/images/products/11.jpg]
[noyon.me/html/garden-preview/assets/images/products/12.jpg]
[noyon.me/html/garden-preview/assets/images/products/13.jpg]
[noyon.me/html/garden-preview/assets/images/products/14.jpg]
[noyon.me/html/garden-preview/assets/images/products/15.jpg]
[noyon.me/html/garden-preview/assets/images/testimonial/1.jpg]
[noyon.me/html/garden-preview/assets/images/instagram/7.jpg]
[noyon.me/html/garden-preview/assets/images/instagram/8.jpg]
[noyon.me/html/garden-preview/assets/images/instagram/9.jpg]
[noyon.me/html/garden-preview/assets/images/instagram/10.jpg]
[noyon.me/html/garden-preview/assets/images/instagram/11.jpg]
[noyon.me/html/garden-preview/assets/images/instagram/12.jpg]
[noyon.me/html/garden-preview/assets/images/instagram/13.jpg]
[noyon.me/html/garden-preview/index-4.html]
[noyon.me/html/garden-preview/assets/images/icons/1.png]
[noyon.me/html/garden-preview/assets/images/icons/1.1.png]
[noyon.me/html/garden-preview/assets/images/icons/2.png]
[noyon.me/html/garden-preview/assets/images/icons/2.1.png]
[noyon.me/html/garden-preview/assets/images/projects/5.jpg]
[noyon.me/html/garden-preview/assets/images/projects/6.jpg]
[noyon.me/html/garden-preview/assets/images/projects/7.jpg]
[noyon.me/html/garden-preview/assets/images/projects/8.jpg]
[noyon.me/html/garden-preview/assets/images/projects/9.jpg]
[noyon.me/html/garden-preview/assets/images/projects/10.jpg]
[noyon.me/html/garden-preview/assets/images/projects/11.jpg]
[noyon.me/html/garden-preview/assets/images/blog/17.jpg]
[noyon.me/html/garden-preview/assets/images/blog/18.jpg]
[noyon.me/html/garden-preview/assets/images/blog/19.jpg]
[noyon.me/html/garden-preview/index-5.html]
[noyon.me/html/garden-preview/assets/images/about/1.jpg]
[noyon.me/html/garden-preview/assets/images/team/1.jpg]
[noyon.me/html/garden-preview/assets/images/team/2.jpg]
[noyon.me/html/garden-preview/assets/images/team/3.jpg]
[noyon.me/html/garden-preview/assets/images/team/4.jpg]
[noyon.me/html/garden-preview/assets/images/testimonial/2.jpg]
[noyon.me/html/garden-preview/assets/images/testimonial/3.jpg]
[noyon.me/html/garden-preview/about.html]
[noyon.me/html/garden-preview/coming-soon.html]
[noyon.me/html/garden-preview/404.html]
[noyon.me/html/garden-preview/assets/images/services/1.jpg]
[noyon.me/html/garden-preview/assets/images/services/2.jpg]
[noyon.me/html/garden-preview/assets/images/services/3.jpg]
[noyon.me/html/garden-preview/assets/images/services/4.jpg]
[noyon.me/html/garden-preview/assets/images/services/5.jpg]
[noyon.me/html/garden-preview/assets/images/icons/5.png]
[noyon.me/html/garden-preview/assets/images/icons/5.1.png]
[noyon.me/html/garden-preview/assets/images/icons/6.png]
[noyon.me/html/garden-preview/assets/images/icons/6.1.png]
[noyon.me/html/garden-preview/assets/images/icons/7.png]
[noyon.me/html/garden-preview/assets/images/icons/7.1.png]
[noyon.me/html/garden-preview/assets/images/blog/blog-list/1.jpg]
[noyon.me/html/garden-preview/assets/images/blog/blog-list/2.jpg]
[noyon.me/html/garden-preview/assets/images/blog/blog-list/3.jpg]
[noyon.me/html/garden-preview/assets/images/blog/blog-list/4.jpg]
[noyon.me/html/garden-preview/assets/images/sidebar/1.jpg]
[noyon.me/html/garden-preview/service-1.html]
[noyon.me/html/garden-preview/assets/images/services/6.jpg]
[noyon.me/html/garden-preview/assets/images/services/7.jpg]
[noyon.me/html/garden-preview/assets/images/services/8.jpg]
[noyon.me/html/garden-preview/service-2.html]
[noyon.me/html/garden-preview/assets/images/services/9.jpg]
[noyon.me/html/garden-preview/assets/images/services/10.jpg]
[noyon.me/html/garden-preview/assets/images/services/11.jpg]
[noyon.me/html/garden-preview/assets/images/services/12.jpg]
[noyon.me/html/garden-preview/assets/images/services/13.jpg]
[noyon.me/html/garden-preview/assets/images/services/14.jpg]
[noyon.me/html/garden-preview/assets/images/brands/9.png]
[noyon.me/html/garden-preview/assets/images/brands/10.png]
[noyon.me/html/garden-preview/assets/images/brands/11.png]
[noyon.me/html/garden-preview/assets/images/brands/12.png]
[noyon.me/html/garden-preview/assets/images/brands/13.png]
[noyon.me/html/garden-preview/service-3.html]
[noyon.me/html/garden-preview/assets/images/projects/gallery/1.jpg]
[noyon.me/html/garden-preview/assets/images/projects/gallery/2.jpg]
[noyon.me/html/garden-preview/assets/images/projects/gallery/3.jpg]
[noyon.me/html/garden-preview/assets/images/projects/gallery/4.jpg]
[noyon.me/html/garden-preview/assets/images/projects/gallery/5.jpg]
[noyon.me/html/garden-preview/assets/images/projects/gallery/6.jpg]
[noyon.me/html/garden-preview/assets/images/projects/gallery/7.jpg]
[noyon.me/html/garden-preview/assets/images/projects/gallery/8.jpg]
[noyon.me/html/garden-preview/gallery.html]
[noyon.me/html/garden-preview/assets/images/projects/gallery-details/1.jpg]
[noyon.me/html/garden-preview/assets/images/projects/gallery-details/2.jpg]
[noyon.me/html/garden-preview/assets/images/projects/gallery-details/3.jpg]
[noyon.me/html/garden-preview/gallery-details.html]
[noyon.me/html/garden-preview/assets/images/blog/12.jpg]
[noyon.me/html/garden-preview/assets/images/blog/13.jpg]
[noyon.me/html/garden-preview/assets/images/blog/14.jpg]
[noyon.me/html/garden-preview/assets/images/blog/15.jpg]
[noyon.me/html/garden-preview/blog-1.html]
[noyon.me/html/garden-preview/blog-2.html]
[noyon.me/html/garden-preview/blog-3.html]
[noyon.me/html/garden-preview/blog-4.html]
[noyon.me/html/garden-preview/assets/images/blog/16.jpg]
[noyon.me/html/garden-preview/assets/images/blog/comment/1.jpg]
[noyon.me/html/garden-preview/assets/images/blog/comment/4.jpg]
[noyon.me/html/garden-preview/assets/images/blog/comment/2.jpg]
[noyon.me/html/garden-preview/assets/images/blog/comment/3.jpg]
[noyon.me/html/garden-preview/blog-details.html]
[noyon.me/html/garden-preview/assets/images/products/product-list/1.jpg]
[noyon.me/html/garden-preview/assets/images/products/product-list/2.jpg]
[noyon.me/html/garden-preview/assets/images/products/product-list/3.jpg]
[noyon.me/html/garden-preview/assets/images/sidebar/2.jpg]
[noyon.me/html/garden-preview/shop.html]
[noyon.me/html/garden-preview/shop-full-width.html]
[noyon.me/html/garden-preview/assets/images/ad/4.jpg]
[noyon.me/html/garden-preview/shop-filter.html]
[noyon.me/html/garden-preview/assets/images/products/product-details/thumb-1.jpg]
[noyon.me/html/garden-preview/assets/images/products/product-details/thumb-2.jpg]
[noyon.me/html/garden-preview/assets/images/products/product-details/thumb-3.jpg]
[noyon.me/html/garden-preview/assets/images/products/product-details/1.jpg]
[noyon.me/html/garden-preview/assets/images/products/product-details/2.jpg]
[noyon.me/html/garden-preview/assets/images/products/product-details/3.jpg]
[noyon.me/html/garden-preview/product-details.html]
[noyon.me/html/garden-preview/shopping-cart.html]
[noyon.me/html/garden-preview/checkout.html]
[noyon.me/html/garden-preview/order-complete.html]
[noyon.me/html/garden-preview/contact.html]
[noyon.me/html/garden-preview/assets/js/vendor/modernizr-3.6.0.min.js]
[noyon.me/html/garden-preview/assets/js/vendor/jquery-1.12.0.min.js]
[noyon.me/html/garden-preview/popper.js]
[noyon.me/html/garden-preview/assets/js/bootstrap.min.js]
[noyon.me/html/garden-preview/assets/js/jquery.meanmenu.min.js]
[noyon.me/html/garden-preview/assets/js/jquery.easing.min.js]
[noyon.me/html/garden-preview/assets/js/venobox.min.js]
[noyon.me/html/garden-preview/assets/js/slick.min.js]
[noyon.me/html/garden-preview/assets/js/waypoints.js]
[noyon.me/html/garden-preview/assets/js/jquery.counterup.min.js]
[noyon.me/html/garden-preview/assets/js/isotope.pkgd.min.js]
[noyon.me/html/garden-preview/assets/js/jquery-ui.min.js]
[noyon.me/html/garden-preview/assets/js/jquery.countdown.min.js]
[noyon.me/html/garden-preview/assets/js/plugins.js]
[noyon.me/html/garden-preview/assets/js/main.js]
[noyon.me/html/garden-preview/assets/fonts/fontawesome-webfont3e6e.svg]
[noyon.me/html/garden-preview/assets/fonts/themify9f24.svg]
[noyon.me/html/garden-preview/assets/fonts/ElegantIcons.svg]
[noyon.me/html/garden-preview/assets/css/images/ui-bg_inset-hard_100_fcfdfd_1x100.html]
[noyon.me/html/garden-preview/assets/css/images/ui-bg_gloss-wave_55_5c9ccc_500x100.html]
[noyon.me/html/garden-preview/assets/css/images/ui-bg_glass_85_dfeffc_1x400.html]
[noyon.me/html/garden-preview/assets/css/images/ui-bg_glass_75_d0e5f5_1x400.html]
[noyon.me/html/garden-preview/assets/css/images/ui-bg_inset-hard_100_f5f8f9_1x100.html]
[noyon.me/html/garden-preview/assets/css/images/ui-bg_glass_95_fef1ec_1x400.html]
[noyon.me/html/garden-preview/assets/css/images/ui-icons_469bdd_256x240.html]
[noyon.me/html/garden-preview/assets/css/images/ui-icons_d8e7f3_256x240.html]
[noyon.me/html/garden-preview/assets/css/images/ui-icons_6da8d5_256x240.html]
[noyon.me/html/garden-preview/assets/css/images/ui-icons_217bc0_256x240.html]
[noyon.me/html/garden-preview/assets/css/images/ui-icons_f9bd01_256x240.html]
[noyon.me/html/garden-preview/assets/css/images/ui-icons_2e83ff_256x240.html]
[noyon.me/html/garden-preview/assets/css/images/ui-icons_cd0a0a_256x240.html]
[noyon.me/html/garden-preview/assets/fonts/slick.svg]
[noyon.me/html/garden-preview/popper.html]
